The target system is: Android - 1 - aarch64
The host system is: Linux - 7.2.0-1-cachyos-rt-bore - x86_64
Compiling the C compiler identification source file "CMakeCCompilerId.c" succeeded.
Compiler: /opt/android-sdk/ndk/29.0.14206865/toolchains/llvm/prebuilt/linux-x86_64/bin/clang 
Build flags: -g;-DANDROID;-fdata-sections;-ffunction-sections;-funwind-tables;-fstack-protector-strong;-no-canonical-prefixes;-D_FORTIFY_SOURCE=2;-Wformat;-Werror=format-security;
Id flags: -c;--target=aarch64-none-linux-android28 

The output was:
0


Compilation of the C compiler identification source "CMakeCCompilerId.c" produced "CMakeCCompilerId.o"

The C compiler identification is Clang, found in "/home/nava/Files/code/active/VideoPlayer/android/app/.cxx/Release/37282h3z/arm64-v8a/CMakeFiles/3.22.1-g37088a8/CompilerIdC/CMakeCCompilerId.o"

Compiling the CXX compiler identification source file "CMakeCXXCompilerId.cpp" succeeded.
Compiler: /opt/android-sdk/ndk/29.0.14206865/toolchains/llvm/prebuilt/linux-x86_64/bin/clang++ 
Build flags: -g;-DANDROID;-fdata-sections;-ffunction-sections;-funwind-tables;-fstack-protector-strong;-no-canonical-prefixes;-D_FORTIFY_SOURCE=2;-Wformat;-Werror=format-security;;
Id flags: -c;--target=aarch64-none-linux-android28 

The output was:
0


Compilation of the CXX compiler identification source "CMakeCXXCompilerId.cpp" produced "CMakeCXXCompilerId.o"

The CXX compiler identification is Clang, found in "/home/nava/Files/code/active/VideoPlayer/android/app/.cxx/Release/37282h3z/arm64-v8a/CMakeFiles/3.22.1-g37088a8/CompilerIdCXX/CMakeCXXCompilerId.o"

Detecting C compiler ABI info compiled with the following output:
Change Dir: /home/nava/Files/code/active/VideoPlayer/android/app/.cxx/Release/37282h3z/arm64-v8a/CMakeFiles/CMakeTmp

Run Build Command(s):/opt/android-sdk/cmake/3.22.1/bin/ninja cmTC_193ba && [1/2] Building C object CMakeFiles/cmTC_193ba.dir/CMakeCCompilerABI.c.o
Android (13989888, +pgo, +bolt, +lto, +mlgo, based on r563880c) clang version 21.0.0 (https://android.googlesource.com/toolchain/llvm-project 5e96669f06077099aa41290cdb4c5e6fa0f59349)
Target: aarch64-none-linux-android28
Thread model: posix
InstalledDir: /opt/android-sdk/ndk/29.0.14206865/toolchains/llvm/prebuilt/linux-x86_64/bin
 (in-process)
 "/opt/android-sdk/ndk/29.0.14206865/toolchains/llvm/prebuilt/linux-x86_64/bin/clang" -cc1 -triple aarch64-none-linux-android28 -emit-obj -disable-free -clear-ast-before-backend -disable-llvm-verifier -discard-value-names -main-file-name CMakeCCompilerABI.c -mrelocation-model pic -pic-level 2 -pic-is-pie -mframe-pointer=non-leaf -ffp-contract=on -fno-rounding-math -mconstructor-aliases -funwind-tables=2 -enable-tlsdesc -target-cpu generic -target-feature +v8a -target-feature +fp-armv8 -target-feature +neon -target-feature +fix-cortex-a53-835769 -target-abi aapcs -debug-info-kind=constructor -dwarf-version=4 -debugger-tuning=gdb -fdebug-compilation-dir=/home/nava/Files/code/active/VideoPlayer/android/app/.cxx/Release/37282h3z/arm64-v8a/CMakeFiles/CMakeTmp -v -ffunction-sections -fdata-sections -fcoverage-compilation-dir=/home/nava/Files/code/active/VideoPlayer/android/app/.cxx/Release/37282h3z/arm64-v8a/CMakeFiles/CMakeTmp -resource-dir /opt/android-sdk/ndk/29.0.14206865/toolchains/llvm/prebuilt/linux-x86_64/lib/clang/21 -dependency-file CMakeFiles/cmTC_193ba.dir/CMakeCCompilerABI.c.o.d -MT CMakeFiles/cmTC_193ba.dir/CMakeCCompilerABI.c.o -sys-header-deps -D ANDROID -D _FORTIFY_SOURCE=2 -isysroot /opt/android-sdk/ndk/29.0.14206865/toolchains/llvm/prebuilt/linux-x86_64/sysroot -internal-isystem /opt/android-sdk/ndk/29.0.14206865/toolchains/llvm/prebuilt/linux-x86_64/lib/clang/21/include -internal-isystem /opt/android-sdk/ndk/29.0.14206865/toolchains/llvm/prebuilt/linux-x86_64/sysroot/usr/local/include -internal-externc-isystem /opt/android-sdk/ndk/29.0.14206865/toolchains/llvm/prebuilt/linux-x86_64/sysroot/usr/include/aarch64-linux-android -internal-externc-isystem /opt/android-sdk/ndk/29.0.14206865/toolchains/llvm/prebuilt/linux-x86_64/sysroot/include -internal-externc-isystem /opt/android-sdk/ndk/29.0.14206865/toolchains/llvm/prebuilt/linux-x86_64/sysroot/usr/include -Wformat -ferror-limit 19 -femulated-tls -stack-protector 2 -fno-signed-char -fgnuc-version=4.2.1 -fskip-odr-check-in-gmf -target-feature +outline-atomics -D__GCC_HAVE_DWARF2_CFI_ASM=1 -o CMakeFiles/cmTC_193ba.dir/CMakeCCompilerABI.c.o -x c /opt/android-sdk/cmake/3.22.1/share/cmake-3.22/Modules/CMakeCCompilerABI.c
clang -cc1 version 21.0.0 based upon LLVM 21.0.0 default target x86_64-unknown-linux-gnu
ignoring nonexistent directory "/opt/android-sdk/ndk/29.0.14206865/toolchains/llvm/prebuilt/linux-x86_64/sysroot/usr/local/include"
ignoring nonexistent directory "/opt/android-sdk/ndk/29.0.14206865/toolchains/llvm/prebuilt/linux-x86_64/sysroot/include"
#include "..." search starts here:
#include <...> search starts here:
 /opt/android-sdk/ndk/29.0.14206865/toolchains/llvm/prebuilt/linux-x86_64/lib/clang/21/include
 /opt/android-sdk/ndk/29.0.14206865/toolchains/llvm/prebuilt/linux-x86_64/sysroot/usr/include/aarch64-linux-android
 /opt/android-sdk/ndk/29.0.14206865/toolchains/llvm/prebuilt/linux-x86_64/sysroot/usr/include
End of search list.
[2/2] Linking C executable cmTC_193ba
Android (13989888, +pgo, +bolt, +lto, +mlgo, based on r563880c) clang version 21.0.0 (https://android.googlesource.com/toolchain/llvm-project 5e96669f06077099aa41290cdb4c5e6fa0f59349)
Target: aarch64-none-linux-android28
Thread model: posix
InstalledDir: /opt/android-sdk/ndk/29.0.14206865/toolchains/llvm/prebuilt/linux-x86_64/bin
 "/opt/android-sdk/ndk/29.0.14206865/toolchains/llvm/prebuilt/linux-x86_64/bin/ld.lld" --sysroot=/opt/android-sdk/ndk/29.0.14206865/toolchains/llvm/prebuilt/linux-x86_64/sysroot -EL --fix-cortex-a53-843419 -z now -z relro -z max-page-size=16384 --no-rosegment --use-android-relr-tags --pack-dyn-relocs=relr --hash-style=gnu --eh-frame-hdr -m aarch64linux -pie -dynamic-linker /system/bin/linker64 -o cmTC_193ba /opt/android-sdk/ndk/29.0.14206865/toolchains/llvm/prebuilt/linux-x86_64/sysroot/usr/lib/aarch64-linux-android/28/crtbegin_dynamic.o -L/opt/android-sdk/ndk/29.0.14206865/toolchains/llvm/prebuilt/linux-x86_64/lib/clang/21/lib/linux/aarch64 -L/opt/android-sdk/ndk/29.0.14206865/toolchains/llvm/prebuilt/linux-x86_64/sysroot/usr/lib/aarch64-linux-android/28 -L/opt/android-sdk/ndk/29.0.14206865/toolchains/llvm/prebuilt/linux-x86_64/sysroot/usr/lib/aarch64-linux-android -L/opt/android-sdk/ndk/29.0.14206865/toolchains/llvm/prebuilt/linux-x86_64/sysroot/usr/lib --build-id=sha1 --no-rosegment --no-undefined-version --fatal-warnings --no-undefined CMakeFiles/cmTC_193ba.dir/CMakeCCompilerABI.c.o /opt/android-sdk/ndk/29.0.14206865/toolchains/llvm/prebuilt/linux-x86_64/lib/clang/21/lib/linux/libclang_rt.builtins-aarch64-android.a -l:libunwind.a -ldl -lc /opt/android-sdk/ndk/29.0.14206865/toolchains/llvm/prebuilt/linux-x86_64/lib/clang/21/lib/linux/libclang_rt.builtins-aarch64-android.a -l:libunwind.a -ldl /opt/android-sdk/ndk/29.0.14206865/toolchains/llvm/prebuilt/linux-x86_64/sysroot/usr/lib/aarch64-linux-android/28/crtend_android.o



Parsed C implicit include dir info from above output: rv=done
  found start of include info
  found start of implicit include info
    add: [/opt/android-sdk/ndk/29.0.14206865/toolchains/llvm/prebuilt/linux-x86_64/lib/clang/21/include]
    add: [/opt/android-sdk/ndk/29.0.14206865/toolchains/llvm/prebuilt/linux-x86_64/sysroot/usr/include/aarch64-linux-android]
    add: [/opt/android-sdk/ndk/29.0.14206865/toolchains/llvm/prebuilt/linux-x86_64/sysroot/usr/include]
  end of search list found
  collapse include dir [/opt/android-sdk/ndk/29.0.14206865/toolchains/llvm/prebuilt/linux-x86_64/lib/clang/21/include] ==> [/opt/android-sdk/ndk/29.0.14206865/toolchains/llvm/prebuilt/linux-x86_64/lib/clang/21/include]
  collapse include dir [/opt/android-sdk/ndk/29.0.14206865/toolchains/llvm/prebuilt/linux-x86_64/sysroot/usr/include/aarch64-linux-android] ==> [/opt/android-sdk/ndk/29.0.14206865/toolchains/llvm/prebuilt/linux-x86_64/sysroot/usr/include/aarch64-linux-android]
  collapse include dir [/opt/android-sdk/ndk/29.0.14206865/toolchains/llvm/prebuilt/linux-x86_64/sysroot/usr/include] ==> [/opt/android-sdk/ndk/29.0.14206865/toolchains/llvm/prebuilt/linux-x86_64/sysroot/usr/include]
  implicit include dirs: [/opt/android-sdk/ndk/29.0.14206865/toolchains/llvm/prebuilt/linux-x86_64/lib/clang/21/include;/opt/android-sdk/ndk/29.0.14206865/toolchains/llvm/prebuilt/linux-x86_64/sysroot/usr/include/aarch64-linux-android;/opt/android-sdk/ndk/29.0.14206865/toolchains/llvm/prebuilt/linux-x86_64/sysroot/usr/include]


Parsed C implicit link information from above output:
  link line regex: [^( *|.*[/\])(ld\.lld|CMAKE_LINK_STARTFILE-NOTFOUND|([^/\]+-)?ld|collect2)[^/\]*( |$)]
  ignore line: [Change Dir: /home/nava/Files/code/active/VideoPlayer/android/app/.cxx/Release/37282h3z/arm64-v8a/CMakeFiles/CMakeTmp]
  ignore line: []
  ignore line: [Run Build Command(s):/opt/android-sdk/cmake/3.22.1/bin/ninja cmTC_193ba && [1/2] Building C object CMakeFiles/cmTC_193ba.dir/CMakeCCompilerABI.c.o]
  ignore line: [Android (13989888  +pgo  +bolt  +lto  +mlgo  based on r563880c) clang version 21.0.0 (https://android.googlesource.com/toolchain/llvm-project 5e96669f06077099aa41290cdb4c5e6fa0f59349)]
  ignore line: [Target: aarch64-none-linux-android28]
  ignore line: [Thread model: posix]
  ignore line: [InstalledDir: /opt/android-sdk/ndk/29.0.14206865/toolchains/llvm/prebuilt/linux-x86_64/bin]
  ignore line: [ (in-process)]
  ignore line: [ "/opt/android-sdk/ndk/29.0.14206865/toolchains/llvm/prebuilt/linux-x86_64/bin/clang" -cc1 -triple aarch64-none-linux-android28 -emit-obj -disable-free -clear-ast-before-backend -disable-llvm-verifier -discard-value-names -main-file-name CMakeCCompilerABI.c -mrelocation-model pic -pic-level 2 -pic-is-pie -mframe-pointer=non-leaf -ffp-contract=on -fno-rounding-math -mconstructor-aliases -funwind-tables=2 -enable-tlsdesc -target-cpu generic -target-feature +v8a -target-feature +fp-armv8 -target-feature +neon -target-feature +fix-cortex-a53-835769 -target-abi aapcs -debug-info-kind=constructor -dwarf-version=4 -debugger-tuning=gdb -fdebug-compilation-dir=/home/nava/Files/code/active/VideoPlayer/android/app/.cxx/Release/37282h3z/arm64-v8a/CMakeFiles/CMakeTmp -v -ffunction-sections -fdata-sections -fcoverage-compilation-dir=/home/nava/Files/code/active/VideoPlayer/android/app/.cxx/Release/37282h3z/arm64-v8a/CMakeFiles/CMakeTmp -resource-dir /opt/android-sdk/ndk/29.0.14206865/toolchains/llvm/prebuilt/linux-x86_64/lib/clang/21 -dependency-file CMakeFiles/cmTC_193ba.dir/CMakeCCompilerABI.c.o.d -MT CMakeFiles/cmTC_193ba.dir/CMakeCCompilerABI.c.o -sys-header-deps -D ANDROID -D _FORTIFY_SOURCE=2 -isysroot /opt/android-sdk/ndk/29.0.14206865/toolchains/llvm/prebuilt/linux-x86_64/sysroot -internal-isystem /opt/android-sdk/ndk/29.0.14206865/toolchains/llvm/prebuilt/linux-x86_64/lib/clang/21/include -internal-isystem /opt/android-sdk/ndk/29.0.14206865/toolchains/llvm/prebuilt/linux-x86_64/sysroot/usr/local/include -internal-externc-isystem /opt/android-sdk/ndk/29.0.14206865/toolchains/llvm/prebuilt/linux-x86_64/sysroot/usr/include/aarch64-linux-android -internal-externc-isystem /opt/android-sdk/ndk/29.0.14206865/toolchains/llvm/prebuilt/linux-x86_64/sysroot/include -internal-externc-isystem /opt/android-sdk/ndk/29.0.14206865/toolchains/llvm/prebuilt/linux-x86_64/sysroot/usr/include -Wformat -ferror-limit 19 -femulated-tls -stack-protector 2 -fno-signed-char -fgnuc-version=4.2.1 -fskip-odr-check-in-gmf -target-feature +outline-atomics -D__GCC_HAVE_DWARF2_CFI_ASM=1 -o CMakeFiles/cmTC_193ba.dir/CMakeCCompilerABI.c.o -x c /opt/android-sdk/cmake/3.22.1/share/cmake-3.22/Modules/CMakeCCompilerABI.c]
  ignore line: [clang -cc1 version 21.0.0 based upon LLVM 21.0.0 default target x86_64-unknown-linux-gnu]
  ignore line: [ignoring nonexistent directory "/opt/android-sdk/ndk/29.0.14206865/toolchains/llvm/prebuilt/linux-x86_64/sysroot/usr/local/include"]
  ignore line: [ignoring nonexistent directory "/opt/android-sdk/ndk/29.0.14206865/toolchains/llvm/prebuilt/linux-x86_64/sysroot/include"]
  ignore line: [#include "..." search starts here:]
  ignore line: [#include <...> search starts here:]
  ignore line: [ /opt/android-sdk/ndk/29.0.14206865/toolchains/llvm/prebuilt/linux-x86_64/lib/clang/21/include]
  ignore line: [ /opt/android-sdk/ndk/29.0.14206865/toolchains/llvm/prebuilt/linux-x86_64/sysroot/usr/include/aarch64-linux-android]
  ignore line: [ /opt/android-sdk/ndk/29.0.14206865/toolchains/llvm/prebuilt/linux-x86_64/sysroot/usr/include]
  ignore line: [End of search list.]
  ignore line: [[2/2] Linking C executable cmTC_193ba]
  ignore line: [Android (13989888  +pgo  +bolt  +lto  +mlgo  based on r563880c) clang version 21.0.0 (https://android.googlesource.com/toolchain/llvm-project 5e96669f06077099aa41290cdb4c5e6fa0f59349)]
  ignore line: [Target: aarch64-none-linux-android28]
  ignore line: [Thread model: posix]
  ignore line: [InstalledDir: /opt/android-sdk/ndk/29.0.14206865/toolchains/llvm/prebuilt/linux-x86_64/bin]
  link line: [ "/opt/android-sdk/ndk/29.0.14206865/toolchains/llvm/prebuilt/linux-x86_64/bin/ld.lld" --sysroot=/opt/android-sdk/ndk/29.0.14206865/toolchains/llvm/prebuilt/linux-x86_64/sysroot -EL --fix-cortex-a53-843419 -z now -z relro -z max-page-size=16384 --no-rosegment --use-android-relr-tags --pack-dyn-relocs=relr --hash-style=gnu --eh-frame-hdr -m aarch64linux -pie -dynamic-linker /system/bin/linker64 -o cmTC_193ba /opt/android-sdk/ndk/29.0.14206865/toolchains/llvm/prebuilt/linux-x86_64/sysroot/usr/lib/aarch64-linux-android/28/crtbegin_dynamic.o -L/opt/android-sdk/ndk/29.0.14206865/toolchains/llvm/prebuilt/linux-x86_64/lib/clang/21/lib/linux/aarch64 -L/opt/android-sdk/ndk/29.0.14206865/toolchains/llvm/prebuilt/linux-x86_64/sysroot/usr/lib/aarch64-linux-android/28 -L/opt/android-sdk/ndk/29.0.14206865/toolchains/llvm/prebuilt/linux-x86_64/sysroot/usr/lib/aarch64-linux-android -L/opt/android-sdk/ndk/29.0.14206865/toolchains/llvm/prebuilt/linux-x86_64/sysroot/usr/lib --build-id=sha1 --no-rosegment --no-undefined-version --fatal-warnings --no-undefined CMakeFiles/cmTC_193ba.dir/CMakeCCompilerABI.c.o /opt/android-sdk/ndk/29.0.14206865/toolchains/llvm/prebuilt/linux-x86_64/lib/clang/21/lib/linux/libclang_rt.builtins-aarch64-android.a -l:libunwind.a -ldl -lc /opt/android-sdk/ndk/29.0.14206865/toolchains/llvm/prebuilt/linux-x86_64/lib/clang/21/lib/linux/libclang_rt.builtins-aarch64-android.a -l:libunwind.a -ldl /opt/android-sdk/ndk/29.0.14206865/toolchains/llvm/prebuilt/linux-x86_64/sysroot/usr/lib/aarch64-linux-android/28/crtend_android.o]
    arg [/opt/android-sdk/ndk/29.0.14206865/toolchains/llvm/prebuilt/linux-x86_64/bin/ld.lld] ==> ignore
    arg [--sysroot=/opt/android-sdk/ndk/29.0.14206865/toolchains/llvm/prebuilt/linux-x86_64/sysroot] ==> ignore
    arg [-EL] ==> ignore
    arg [--fix-cortex-a53-843419] ==> ignore
    arg [-znow] ==> ignore
    arg [-zrelro] ==> ignore
    arg [-zmax-page-size=16384] ==> ignore
    arg [--no-rosegment] ==> ignore
    arg [--use-android-relr-tags] ==> ignore
    arg [--pack-dyn-relocs=relr] ==> ignore
    arg [--hash-style=gnu] ==> ignore
    arg [--eh-frame-hdr] ==> ignore
    arg [-m] ==> ignore
    arg [aarch64linux] ==> ignore
    arg [-pie] ==> ignore
    arg [-dynamic-linker] ==> ignore
    arg [/system/bin/linker64] ==> ignore
    arg [-o] ==> ignore
    arg [cmTC_193ba] ==> ignore
    arg [/opt/android-sdk/ndk/29.0.14206865/toolchains/llvm/prebuilt/linux-x86_64/sysroot/usr/lib/aarch64-linux-android/28/crtbegin_dynamic.o] ==> obj [/opt/android-sdk/ndk/29.0.14206865/toolchains/llvm/prebuilt/linux-x86_64/sysroot/usr/lib/aarch64-linux-android/28/crtbegin_dynamic.o]
    arg [-L/opt/android-sdk/ndk/29.0.14206865/toolchains/llvm/prebuilt/linux-x86_64/lib/clang/21/lib/linux/aarch64] ==> dir [/opt/android-sdk/ndk/29.0.14206865/toolchains/llvm/prebuilt/linux-x86_64/lib/clang/21/lib/linux/aarch64]
    arg [-L/opt/android-sdk/ndk/29.0.14206865/toolchains/llvm/prebuilt/linux-x86_64/sysroot/usr/lib/aarch64-linux-android/28] ==> dir [/opt/android-sdk/ndk/29.0.14206865/toolchains/llvm/prebuilt/linux-x86_64/sysroot/usr/lib/aarch64-linux-android/28]
    arg [-L/opt/android-sdk/ndk/29.0.14206865/toolchains/llvm/prebuilt/linux-x86_64/sysroot/usr/lib/aarch64-linux-android] ==> dir [/opt/android-sdk/ndk/29.0.14206865/toolchains/llvm/prebuilt/linux-x86_64/sysroot/usr/lib/aarch64-linux-android]
    arg [-L/opt/android-sdk/ndk/29.0.14206865/toolchains/llvm/prebuilt/linux-x86_64/sysroot/usr/lib] ==> dir [/opt/android-sdk/ndk/29.0.14206865/toolchains/llvm/prebuilt/linux-x86_64/sysroot/usr/lib]
    arg [--build-id=sha1] ==> ignore
    arg [--no-rosegment] ==> ignore
    arg [--no-undefined-version] ==> ignore
    arg [--fatal-warnings] ==> ignore
    arg [--no-undefined] ==> ignore
    arg [CMakeFiles/cmTC_193ba.dir/CMakeCCompilerABI.c.o] ==> ignore
    arg [/opt/android-sdk/ndk/29.0.14206865/toolchains/llvm/prebuilt/linux-x86_64/lib/clang/21/lib/linux/libclang_rt.builtins-aarch64-android.a] ==> lib [/opt/android-sdk/ndk/29.0.14206865/toolchains/llvm/prebuilt/linux-x86_64/lib/clang/21/lib/linux/libclang_rt.builtins-aarch64-android.a]
    arg [-l:libunwind.a] ==> lib [-l:libunwind.a]
    arg [-ldl] ==> lib [dl]
    arg [-lc] ==> lib [c]
    arg [/opt/android-sdk/ndk/29.0.14206865/toolchains/llvm/prebuilt/linux-x86_64/lib/clang/21/lib/linux/libclang_rt.builtins-aarch64-android.a] ==> lib [/opt/android-sdk/ndk/29.0.14206865/toolchains/llvm/prebuilt/linux-x86_64/lib/clang/21/lib/linux/libclang_rt.builtins-aarch64-android.a]
    arg [-l:libunwind.a] ==> lib [-l:libunwind.a]
    arg [-ldl] ==> lib [dl]
    arg [/opt/android-sdk/ndk/29.0.14206865/toolchains/llvm/prebuilt/linux-x86_64/sysroot/usr/lib/aarch64-linux-android/28/crtend_android.o] ==> obj [/opt/android-sdk/ndk/29.0.14206865/toolchains/llvm/prebuilt/linux-x86_64/sysroot/usr/lib/aarch64-linux-android/28/crtend_android.o]
  remove lib [/opt/android-sdk/ndk/29.0.14206865/toolchains/llvm/prebuilt/linux-x86_64/lib/clang/21/lib/linux/libclang_rt.builtins-aarch64-android.a]
  remove lib [/opt/android-sdk/ndk/29.0.14206865/toolchains/llvm/prebuilt/linux-x86_64/lib/clang/21/lib/linux/libclang_rt.builtins-aarch64-android.a]
  collapse library dir [/opt/android-sdk/ndk/29.0.14206865/toolchains/llvm/prebuilt/linux-x86_64/lib/clang/21/lib/linux/aarch64] ==> [/opt/android-sdk/ndk/29.0.14206865/toolchains/llvm/prebuilt/linux-x86_64/lib/clang/21/lib/linux/aarch64]
  collapse library dir [/opt/android-sdk/ndk/29.0.14206865/toolchains/llvm/prebuilt/linux-x86_64/sysroot/usr/lib/aarch64-linux-android/28] ==> [/opt/android-sdk/ndk/29.0.14206865/toolchains/llvm/prebuilt/linux-x86_64/sysroot/usr/lib/aarch64-linux-android/28]
  collapse library dir [/opt/android-sdk/ndk/29.0.14206865/toolchains/llvm/prebuilt/linux-x86_64/sysroot/usr/lib/aarch64-linux-android] ==> [/opt/android-sdk/ndk/29.0.14206865/toolchains/llvm/prebuilt/linux-x86_64/sysroot/usr/lib/aarch64-linux-android]
  collapse library dir [/opt/android-sdk/ndk/29.0.14206865/toolchains/llvm/prebuilt/linux-x86_64/sysroot/usr/lib] ==> [/opt/android-sdk/ndk/29.0.14206865/toolchains/llvm/prebuilt/linux-x86_64/sysroot/usr/lib]
  implicit libs: [-l:libunwind.a;dl;c;-l:libunwind.a;dl]
  implicit objs: [/opt/android-sdk/ndk/29.0.14206865/toolchains/llvm/prebuilt/linux-x86_64/sysroot/usr/lib/aarch64-linux-android/28/crtbegin_dynamic.o;/opt/android-sdk/ndk/29.0.14206865/toolchains/llvm/prebuilt/linux-x86_64/sysroot/usr/lib/aarch64-linux-android/28/crtend_android.o]
  implicit dirs: [/opt/android-sdk/ndk/29.0.14206865/toolchains/llvm/prebuilt/linux-x86_64/lib/clang/21/lib/linux/aarch64;/opt/android-sdk/ndk/29.0.14206865/toolchains/llvm/prebuilt/linux-x86_64/sysroot/usr/lib/aarch64-linux-android/28;/opt/android-sdk/ndk/29.0.14206865/toolchains/llvm/prebuilt/linux-x86_64/sysroot/usr/lib/aarch64-linux-android;/opt/android-sdk/ndk/29.0.14206865/toolchains/llvm/prebuilt/linux-x86_64/sysroot/usr/lib]
  implicit fwks: []


Detecting CXX compiler ABI info compiled with the following output:
Change Dir: /home/nava/Files/code/active/VideoPlayer/android/app/.cxx/Release/37282h3z/arm64-v8a/CMakeFiles/CMakeTmp

Run Build Command(s):/opt/android-sdk/cmake/3.22.1/bin/ninja cmTC_127c0 && [1/2] Building CXX object CMakeFiles/cmTC_127c0.dir/CMakeCXXCompilerABI.cpp.o
Android (13989888, +pgo, +bolt, +lto, +mlgo, based on r563880c) clang version 21.0.0 (https://android.googlesource.com/toolchain/llvm-project 5e96669f06077099aa41290cdb4c5e6fa0f59349)
Target: aarch64-none-linux-android28
Thread model: posix
InstalledDir: /opt/android-sdk/ndk/29.0.14206865/toolchains/llvm/prebuilt/linux-x86_64/bin
 (in-process)
 "/opt/android-sdk/ndk/29.0.14206865/toolchains/llvm/prebuilt/linux-x86_64/bin/clang++" -cc1 -triple aarch64-none-linux-android28 -emit-obj -disable-free -clear-ast-before-backend -disable-llvm-verifier -discard-value-names -main-file-name CMakeCXXCompilerABI.cpp -mrelocation-model pic -pic-level 2 -pic-is-pie -mframe-pointer=non-leaf -ffp-contract=on -fno-rounding-math -mconstructor-aliases -funwind-tables=2 -enable-tlsdesc -target-cpu generic -target-feature +v8a -target-feature +fp-armv8 -target-feature +neon -target-feature +fix-cortex-a53-835769 -target-abi aapcs -debug-info-kind=constructor -dwarf-version=4 -debugger-tuning=gdb -fdebug-compilation-dir=/home/nava/Files/code/active/VideoPlayer/android/app/.cxx/Release/37282h3z/arm64-v8a/CMakeFiles/CMakeTmp -v -ffunction-sections -fdata-sections -fcoverage-compilation-dir=/home/nava/Files/code/active/VideoPlayer/android/app/.cxx/Release/37282h3z/arm64-v8a/CMakeFiles/CMakeTmp -resource-dir /opt/android-sdk/ndk/29.0.14206865/toolchains/llvm/prebuilt/linux-x86_64/lib/clang/21 -dependency-file CMakeFiles/cmTC_127c0.dir/CMakeCXXCompilerABI.cpp.o.d -MT CMakeFiles/cmTC_127c0.dir/CMakeCXXCompilerABI.cpp.o -sys-header-deps -D ANDROID -D _FORTIFY_SOURCE=2 -isysroot /opt/android-sdk/ndk/29.0.14206865/toolchains/llvm/prebuilt/linux-x86_64/sysroot -internal-isystem /opt/android-sdk/ndk/29.0.14206865/toolchains/llvm/prebuilt/linux-x86_64/sysroot/usr/include/c++/v1 -internal-isystem /opt/android-sdk/ndk/29.0.14206865/toolchains/llvm/prebuilt/linux-x86_64/lib/clang/21/include -internal-isystem /opt/android-sdk/ndk/29.0.14206865/toolchains/llvm/prebuilt/linux-x86_64/sysroot/usr/local/include -internal-externc-isystem /opt/android-sdk/ndk/29.0.14206865/toolchains/llvm/prebuilt/linux-x86_64/sysroot/usr/include/aarch64-linux-android -internal-externc-isystem /opt/android-sdk/ndk/29.0.14206865/toolchains/llvm/prebuilt/linux-x86_64/sysroot/include -internal-externc-isystem /opt/android-sdk/ndk/29.0.14206865/toolchains/llvm/prebuilt/linux-x86_64/sysroot/usr/include -Wformat -fdeprecated-macro -ferror-limit 19 -femulated-tls -stack-protector 2 -fno-signed-char -fgnuc-version=4.2.1 -fskip-odr-check-in-gmf -fcxx-exceptions -fexceptions -target-feature +outline-atomics -D__GCC_HAVE_DWARF2_CFI_ASM=1 -o CMakeFiles/cmTC_127c0.dir/CMakeCXXCompilerABI.cpp.o -x c++ /opt/android-sdk/cmake/3.22.1/share/cmake-3.22/Modules/CMakeCXXCompilerABI.cpp
clang -cc1 version 21.0.0 based upon LLVM 21.0.0 default target x86_64-unknown-linux-gnu
ignoring nonexistent directory "/opt/android-sdk/ndk/29.0.14206865/toolchains/llvm/prebuilt/linux-x86_64/sysroot/usr/local/include"
ignoring nonexistent directory "/opt/android-sdk/ndk/29.0.14206865/toolchains/llvm/prebuilt/linux-x86_64/sysroot/include"
#include "..." search starts here:
#include <...> search starts here:
 /opt/android-sdk/ndk/29.0.14206865/toolchains/llvm/prebuilt/linux-x86_64/sysroot/usr/include/c++/v1
 /opt/android-sdk/ndk/29.0.14206865/toolchains/llvm/prebuilt/linux-x86_64/lib/clang/21/include
 /opt/android-sdk/ndk/29.0.14206865/toolchains/llvm/prebuilt/linux-x86_64/sysroot/usr/include/aarch64-linux-android
 /opt/android-sdk/ndk/29.0.14206865/toolchains/llvm/prebuilt/linux-x86_64/sysroot/usr/include
End of search list.
[2/2] Linking CXX executable cmTC_127c0
Android (13989888, +pgo, +bolt, +lto, +mlgo, based on r563880c) clang version 21.0.0 (https://android.googlesource.com/toolchain/llvm-project 5e96669f06077099aa41290cdb4c5e6fa0f59349)
Target: aarch64-none-linux-android28
Thread model: posix
InstalledDir: /opt/android-sdk/ndk/29.0.14206865/toolchains/llvm/prebuilt/linux-x86_64/bin
 "/opt/android-sdk/ndk/29.0.14206865/toolchains/llvm/prebuilt/linux-x86_64/bin/ld.lld" --sysroot=/opt/android-sdk/ndk/29.0.14206865/toolchains/llvm/prebuilt/linux-x86_64/sysroot -EL --fix-cortex-a53-843419 -z now -z relro -z max-page-size=16384 --no-rosegment --use-android-relr-tags --pack-dyn-relocs=relr --hash-style=gnu --eh-frame-hdr -m aarch64linux -pie -dynamic-linker /system/bin/linker64 -o cmTC_127c0 /opt/android-sdk/ndk/29.0.14206865/toolchains/llvm/prebuilt/linux-x86_64/sysroot/usr/lib/aarch64-linux-android/28/crtbegin_dynamic.o -L/opt/android-sdk/ndk/29.0.14206865/toolchains/llvm/prebuilt/linux-x86_64/lib/clang/21/lib/linux/aarch64 -L/opt/android-sdk/ndk/29.0.14206865/toolchains/llvm/prebuilt/linux-x86_64/sysroot/usr/lib/aarch64-linux-android/28 -L/opt/android-sdk/ndk/29.0.14206865/toolchains/llvm/prebuilt/linux-x86_64/sysroot/usr/lib/aarch64-linux-android -L/opt/android-sdk/ndk/29.0.14206865/toolchains/llvm/prebuilt/linux-x86_64/sysroot/usr/lib --build-id=sha1 --no-rosegment --no-undefined-version --fatal-warnings --no-undefined CMakeFiles/cmTC_127c0.dir/CMakeCXXCompilerABI.cpp.o -Bstatic -lc++ -Bdynamic -lm /opt/android-sdk/ndk/29.0.14206865/toolchains/llvm/prebuilt/linux-x86_64/lib/clang/21/lib/linux/libclang_rt.builtins-aarch64-android.a -l:libunwind.a -ldl -lc /opt/android-sdk/ndk/29.0.14206865/toolchains/llvm/prebuilt/linux-x86_64/lib/clang/21/lib/linux/libclang_rt.builtins-aarch64-android.a -l:libunwind.a -ldl /opt/android-sdk/ndk/29.0.14206865/toolchains/llvm/prebuilt/linux-x86_64/sysroot/usr/lib/aarch64-linux-android/28/crtend_android.o



Parsed CXX implicit include dir info from above output: rv=done
  found start of include info
  found start of implicit include info
    add: [/opt/android-sdk/ndk/29.0.14206865/toolchains/llvm/prebuilt/linux-x86_64/sysroot/usr/include/c++/v1]
    add: [/opt/android-sdk/ndk/29.0.14206865/toolchains/llvm/prebuilt/linux-x86_64/lib/clang/21/include]
    add: [/opt/android-sdk/ndk/29.0.14206865/toolchains/llvm/prebuilt/linux-x86_64/sysroot/usr/include/aarch64-linux-android]
    add: [/opt/android-sdk/ndk/29.0.14206865/toolchains/llvm/prebuilt/linux-x86_64/sysroot/usr/include]
  end of search list found
  collapse include dir [/opt/android-sdk/ndk/29.0.14206865/toolchains/llvm/prebuilt/linux-x86_64/sysroot/usr/include/c++/v1] ==> [/opt/android-sdk/ndk/29.0.14206865/toolchains/llvm/prebuilt/linux-x86_64/sysroot/usr/include/c++/v1]
  collapse include dir [/opt/android-sdk/ndk/29.0.14206865/toolchains/llvm/prebuilt/linux-x86_64/lib/clang/21/include] ==> [/opt/android-sdk/ndk/29.0.14206865/toolchains/llvm/prebuilt/linux-x86_64/lib/clang/21/include]
  collapse include dir [/opt/android-sdk/ndk/29.0.14206865/toolchains/llvm/prebuilt/linux-x86_64/sysroot/usr/include/aarch64-linux-android] ==> [/opt/android-sdk/ndk/29.0.14206865/toolchains/llvm/prebuilt/linux-x86_64/sysroot/usr/include/aarch64-linux-android]
  collapse include dir [/opt/android-sdk/ndk/29.0.14206865/toolchains/llvm/prebuilt/linux-x86_64/sysroot/usr/include] ==> [/opt/android-sdk/ndk/29.0.14206865/toolchains/llvm/prebuilt/linux-x86_64/sysroot/usr/include]
  implicit include dirs: [/opt/android-sdk/ndk/29.0.14206865/toolchains/llvm/prebuilt/linux-x86_64/sysroot/usr/include/c++/v1;/opt/android-sdk/ndk/29.0.14206865/toolchains/llvm/prebuilt/linux-x86_64/lib/clang/21/include;/opt/android-sdk/ndk/29.0.14206865/toolchains/llvm/prebuilt/linux-x86_64/sysroot/usr/include/aarch64-linux-android;/opt/android-sdk/ndk/29.0.14206865/toolchains/llvm/prebuilt/linux-x86_64/sysroot/usr/include]


Parsed CXX implicit link information from above output:
  link line regex: [^( *|.*[/\])(ld\.lld|CMAKE_LINK_STARTFILE-NOTFOUND|([^/\]+-)?ld|collect2)[^/\]*( |$)]
  ignore line: [Change Dir: /home/nava/Files/code/active/VideoPlayer/android/app/.cxx/Release/37282h3z/arm64-v8a/CMakeFiles/CMakeTmp]
  ignore line: []
  ignore line: [Run Build Command(s):/opt/android-sdk/cmake/3.22.1/bin/ninja cmTC_127c0 && [1/2] Building CXX object CMakeFiles/cmTC_127c0.dir/CMakeCXXCompilerABI.cpp.o]
  ignore line: [Android (13989888  +pgo  +bolt  +lto  +mlgo  based on r563880c) clang version 21.0.0 (https://android.googlesource.com/toolchain/llvm-project 5e96669f06077099aa41290cdb4c5e6fa0f59349)]
  ignore line: [Target: aarch64-none-linux-android28]
  ignore line: [Thread model: posix]
  ignore line: [InstalledDir: /opt/android-sdk/ndk/29.0.14206865/toolchains/llvm/prebuilt/linux-x86_64/bin]
  ignore line: [ (in-process)]
  ignore line: [ "/opt/android-sdk/ndk/29.0.14206865/toolchains/llvm/prebuilt/linux-x86_64/bin/clang++" -cc1 -triple aarch64-none-linux-android28 -emit-obj -disable-free -clear-ast-before-backend -disable-llvm-verifier -discard-value-names -main-file-name CMakeCXXCompilerABI.cpp -mrelocation-model pic -pic-level 2 -pic-is-pie -mframe-pointer=non-leaf -ffp-contract=on -fno-rounding-math -mconstructor-aliases -funwind-tables=2 -enable-tlsdesc -target-cpu generic -target-feature +v8a -target-feature +fp-armv8 -target-feature +neon -target-feature +fix-cortex-a53-835769 -target-abi aapcs -debug-info-kind=constructor -dwarf-version=4 -debugger-tuning=gdb -fdebug-compilation-dir=/home/nava/Files/code/active/VideoPlayer/android/app/.cxx/Release/37282h3z/arm64-v8a/CMakeFiles/CMakeTmp -v -ffunction-sections -fdata-sections -fcoverage-compilation-dir=/home/nava/Files/code/active/VideoPlayer/android/app/.cxx/Release/37282h3z/arm64-v8a/CMakeFiles/CMakeTmp -resource-dir /opt/android-sdk/ndk/29.0.14206865/toolchains/llvm/prebuilt/linux-x86_64/lib/clang/21 -dependency-file CMakeFiles/cmTC_127c0.dir/CMakeCXXCompilerABI.cpp.o.d -MT CMakeFiles/cmTC_127c0.dir/CMakeCXXCompilerABI.cpp.o -sys-header-deps -D ANDROID -D _FORTIFY_SOURCE=2 -isysroot /opt/android-sdk/ndk/29.0.14206865/toolchains/llvm/prebuilt/linux-x86_64/sysroot -internal-isystem /opt/android-sdk/ndk/29.0.14206865/toolchains/llvm/prebuilt/linux-x86_64/sysroot/usr/include/c++/v1 -internal-isystem /opt/android-sdk/ndk/29.0.14206865/toolchains/llvm/prebuilt/linux-x86_64/lib/clang/21/include -internal-isystem /opt/android-sdk/ndk/29.0.14206865/toolchains/llvm/prebuilt/linux-x86_64/sysroot/usr/local/include -internal-externc-isystem /opt/android-sdk/ndk/29.0.14206865/toolchains/llvm/prebuilt/linux-x86_64/sysroot/usr/include/aarch64-linux-android -internal-externc-isystem /opt/android-sdk/ndk/29.0.14206865/toolchains/llvm/prebuilt/linux-x86_64/sysroot/include -internal-externc-isystem /opt/android-sdk/ndk/29.0.14206865/toolchains/llvm/prebuilt/linux-x86_64/sysroot/usr/include -Wformat -fdeprecated-macro -ferror-limit 19 -femulated-tls -stack-protector 2 -fno-signed-char -fgnuc-version=4.2.1 -fskip-odr-check-in-gmf -fcxx-exceptions -fexceptions -target-feature +outline-atomics -D__GCC_HAVE_DWARF2_CFI_ASM=1 -o CMakeFiles/cmTC_127c0.dir/CMakeCXXCompilerABI.cpp.o -x c++ /opt/android-sdk/cmake/3.22.1/share/cmake-3.22/Modules/CMakeCXXCompilerABI.cpp]
  ignore line: [clang -cc1 version 21.0.0 based upon LLVM 21.0.0 default target x86_64-unknown-linux-gnu]
  ignore line: [ignoring nonexistent directory "/opt/android-sdk/ndk/29.0.14206865/toolchains/llvm/prebuilt/linux-x86_64/sysroot/usr/local/include"]
  ignore line: [ignoring nonexistent directory "/opt/android-sdk/ndk/29.0.14206865/toolchains/llvm/prebuilt/linux-x86_64/sysroot/include"]
  ignore line: [#include "..." search starts here:]
  ignore line: [#include <...> search starts here:]
  ignore line: [ /opt/android-sdk/ndk/29.0.14206865/toolchains/llvm/prebuilt/linux-x86_64/sysroot/usr/include/c++/v1]
  ignore line: [ /opt/android-sdk/ndk/29.0.14206865/toolchains/llvm/prebuilt/linux-x86_64/lib/clang/21/include]
  ignore line: [ /opt/android-sdk/ndk/29.0.14206865/toolchains/llvm/prebuilt/linux-x86_64/sysroot/usr/include/aarch64-linux-android]
  ignore line: [ /opt/android-sdk/ndk/29.0.14206865/toolchains/llvm/prebuilt/linux-x86_64/sysroot/usr/include]
  ignore line: [End of search list.]
  ignore line: [[2/2] Linking CXX executable cmTC_127c0]
  ignore line: [Android (13989888  +pgo  +bolt  +lto  +mlgo  based on r563880c) clang version 21.0.0 (https://android.googlesource.com/toolchain/llvm-project 5e96669f06077099aa41290cdb4c5e6fa0f59349)]
  ignore line: [Target: aarch64-none-linux-android28]
  ignore line: [Thread model: posix]
  ignore line: [InstalledDir: /opt/android-sdk/ndk/29.0.14206865/toolchains/llvm/prebuilt/linux-x86_64/bin]
  link line: [ "/opt/android-sdk/ndk/29.0.14206865/toolchains/llvm/prebuilt/linux-x86_64/bin/ld.lld" --sysroot=/opt/android-sdk/ndk/29.0.14206865/toolchains/llvm/prebuilt/linux-x86_64/sysroot -EL --fix-cortex-a53-843419 -z now -z relro -z max-page-size=16384 --no-rosegment --use-android-relr-tags --pack-dyn-relocs=relr --hash-style=gnu --eh-frame-hdr -m aarch64linux -pie -dynamic-linker /system/bin/linker64 -o cmTC_127c0 /opt/android-sdk/ndk/29.0.14206865/toolchains/llvm/prebuilt/linux-x86_64/sysroot/usr/lib/aarch64-linux-android/28/crtbegin_dynamic.o -L/opt/android-sdk/ndk/29.0.14206865/toolchains/llvm/prebuilt/linux-x86_64/lib/clang/21/lib/linux/aarch64 -L/opt/android-sdk/ndk/29.0.14206865/toolchains/llvm/prebuilt/linux-x86_64/sysroot/usr/lib/aarch64-linux-android/28 -L/opt/android-sdk/ndk/29.0.14206865/toolchains/llvm/prebuilt/linux-x86_64/sysroot/usr/lib/aarch64-linux-android -L/opt/android-sdk/ndk/29.0.14206865/toolchains/llvm/prebuilt/linux-x86_64/sysroot/usr/lib --build-id=sha1 --no-rosegment --no-undefined-version --fatal-warnings --no-undefined CMakeFiles/cmTC_127c0.dir/CMakeCXXCompilerABI.cpp.o -Bstatic -lc++ -Bdynamic -lm /opt/android-sdk/ndk/29.0.14206865/toolchains/llvm/prebuilt/linux-x86_64/lib/clang/21/lib/linux/libclang_rt.builtins-aarch64-android.a -l:libunwind.a -ldl -lc /opt/android-sdk/ndk/29.0.14206865/toolchains/llvm/prebuilt/linux-x86_64/lib/clang/21/lib/linux/libclang_rt.builtins-aarch64-android.a -l:libunwind.a -ldl /opt/android-sdk/ndk/29.0.14206865/toolchains/llvm/prebuilt/linux-x86_64/sysroot/usr/lib/aarch64-linux-android/28/crtend_android.o]
    arg [/opt/android-sdk/ndk/29.0.14206865/toolchains/llvm/prebuilt/linux-x86_64/bin/ld.lld] ==> ignore
    arg [--sysroot=/opt/android-sdk/ndk/29.0.14206865/toolchains/llvm/prebuilt/linux-x86_64/sysroot] ==> ignore
    arg [-EL] ==> ignore
    arg [--fix-cortex-a53-843419] ==> ignore
    arg [-znow] ==> ignore
    arg [-zrelro] ==> ignore
    arg [-zmax-page-size=16384] ==> ignore
    arg [--no-rosegment] ==> ignore
    arg [--use-android-relr-tags] ==> ignore
    arg [--pack-dyn-relocs=relr] ==> ignore
    arg [--hash-style=gnu] ==> ignore
    arg [--eh-frame-hdr] ==> ignore
    arg [-m] ==> ignore
    arg [aarch64linux] ==> ignore
    arg [-pie] ==> ignore
    arg [-dynamic-linker] ==> ignore
    arg [/system/bin/linker64] ==> ignore
    arg [-o] ==> ignore
    arg [cmTC_127c0] ==> ignore
    arg [/opt/android-sdk/ndk/29.0.14206865/toolchains/llvm/prebuilt/linux-x86_64/sysroot/usr/lib/aarch64-linux-android/28/crtbegin_dynamic.o] ==> obj [/opt/android-sdk/ndk/29.0.14206865/toolchains/llvm/prebuilt/linux-x86_64/sysroot/usr/lib/aarch64-linux-android/28/crtbegin_dynamic.o]
    arg [-L/opt/android-sdk/ndk/29.0.14206865/toolchains/llvm/prebuilt/linux-x86_64/lib/clang/21/lib/linux/aarch64] ==> dir [/opt/android-sdk/ndk/29.0.14206865/toolchains/llvm/prebuilt/linux-x86_64/lib/clang/21/lib/linux/aarch64]
    arg [-L/opt/android-sdk/ndk/29.0.14206865/toolchains/llvm/prebuilt/linux-x86_64/sysroot/usr/lib/aarch64-linux-android/28] ==> dir [/opt/android-sdk/ndk/29.0.14206865/toolchains/llvm/prebuilt/linux-x86_64/sysroot/usr/lib/aarch64-linux-android/28]
    arg [-L/opt/android-sdk/ndk/29.0.14206865/toolchains/llvm/prebuilt/linux-x86_64/sysroot/usr/lib/aarch64-linux-android] ==> dir [/opt/android-sdk/ndk/29.0.14206865/toolchains/llvm/prebuilt/linux-x86_64/sysroot/usr/lib/aarch64-linux-android]
    arg [-L/opt/android-sdk/ndk/29.0.14206865/toolchains/llvm/prebuilt/linux-x86_64/sysroot/usr/lib] ==> dir [/opt/android-sdk/ndk/29.0.14206865/toolchains/llvm/prebuilt/linux-x86_64/sysroot/usr/lib]
    arg [--build-id=sha1] ==> ignore
    arg [--no-rosegment] ==> ignore
    arg [--no-undefined-version] ==> ignore
    arg [--fatal-warnings] ==> ignore
    arg [--no-undefined] ==> ignore
    arg [CMakeFiles/cmTC_127c0.dir/CMakeCXXCompilerABI.cpp.o] ==> ignore
    arg [-Bstatic] ==> search static
    arg [-lc++] ==> lib [c++]
    arg [-Bdynamic] ==> search dynamic
    arg [-lm] ==> lib [m]
    arg [/opt/android-sdk/ndk/29.0.14206865/toolchains/llvm/prebuilt/linux-x86_64/lib/clang/21/lib/linux/libclang_rt.builtins-aarch64-android.a] ==> lib [/opt/android-sdk/ndk/29.0.14206865/toolchains/llvm/prebuilt/linux-x86_64/lib/clang/21/lib/linux/libclang_rt.builtins-aarch64-android.a]
    arg [-l:libunwind.a] ==> lib [-l:libunwind.a]
    arg [-ldl] ==> lib [dl]
    arg [-lc] ==> lib [c]
    arg [/opt/android-sdk/ndk/29.0.14206865/toolchains/llvm/prebuilt/linux-x86_64/lib/clang/21/lib/linux/libclang_rt.builtins-aarch64-android.a] ==> lib [/opt/android-sdk/ndk/29.0.14206865/toolchains/llvm/prebuilt/linux-x86_64/lib/clang/21/lib/linux/libclang_rt.builtins-aarch64-android.a]
    arg [-l:libunwind.a] ==> lib [-l:libunwind.a]
    arg [-ldl] ==> lib [dl]
    arg [/opt/android-sdk/ndk/29.0.14206865/toolchains/llvm/prebuilt/linux-x86_64/sysroot/usr/lib/aarch64-linux-android/28/crtend_android.o] ==> obj [/opt/android-sdk/ndk/29.0.14206865/toolchains/llvm/prebuilt/linux-x86_64/sysroot/usr/lib/aarch64-linux-android/28/crtend_android.o]
  remove lib [/opt/android-sdk/ndk/29.0.14206865/toolchains/llvm/prebuilt/linux-x86_64/lib/clang/21/lib/linux/libclang_rt.builtins-aarch64-android.a]
  remove lib [/opt/android-sdk/ndk/29.0.14206865/toolchains/llvm/prebuilt/linux-x86_64/lib/clang/21/lib/linux/libclang_rt.builtins-aarch64-android.a]
  collapse library dir [/opt/android-sdk/ndk/29.0.14206865/toolchains/llvm/prebuilt/linux-x86_64/lib/clang/21/lib/linux/aarch64] ==> [/opt/android-sdk/ndk/29.0.14206865/toolchains/llvm/prebuilt/linux-x86_64/lib/clang/21/lib/linux/aarch64]
  collapse library dir [/opt/android-sdk/ndk/29.0.14206865/toolchains/llvm/prebuilt/linux-x86_64/sysroot/usr/lib/aarch64-linux-android/28] ==> [/opt/android-sdk/ndk/29.0.14206865/toolchains/llvm/prebuilt/linux-x86_64/sysroot/usr/lib/aarch64-linux-android/28]
  collapse library dir [/opt/android-sdk/ndk/29.0.14206865/toolchains/llvm/prebuilt/linux-x86_64/sysroot/usr/lib/aarch64-linux-android] ==> [/opt/android-sdk/ndk/29.0.14206865/toolchains/llvm/prebuilt/linux-x86_64/sysroot/usr/lib/aarch64-linux-android]
  collapse library dir [/opt/android-sdk/ndk/29.0.14206865/toolchains/llvm/prebuilt/linux-x86_64/sysroot/usr/lib] ==> [/opt/android-sdk/ndk/29.0.14206865/toolchains/llvm/prebuilt/linux-x86_64/sysroot/usr/lib]
  implicit libs: [c++;m;-l:libunwind.a;dl;c;-l:libunwind.a;dl]
  implicit objs: [/opt/android-sdk/ndk/29.0.14206865/toolchains/llvm/prebuilt/linux-x86_64/sysroot/usr/lib/aarch64-linux-android/28/crtbegin_dynamic.o;/opt/android-sdk/ndk/29.0.14206865/toolchains/llvm/prebuilt/linux-x86_64/sysroot/usr/lib/aarch64-linux-android/28/crtend_android.o]
  implicit dirs: [/opt/android-sdk/ndk/29.0.14206865/toolchains/llvm/prebuilt/linux-x86_64/lib/clang/21/lib/linux/aarch64;/opt/android-sdk/ndk/29.0.14206865/toolchains/llvm/prebuilt/linux-x86_64/sysroot/usr/lib/aarch64-linux-android/28;/opt/android-sdk/ndk/29.0.14206865/toolchains/llvm/prebuilt/linux-x86_64/sysroot/usr/lib/aarch64-linux-android;/opt/android-sdk/ndk/29.0.14206865/toolchains/llvm/prebuilt/linux-x86_64/sysroot/usr/lib]
  implicit fwks: []


Determining if the include file pthread.h exists passed with the following output:
Change Dir: /home/nava/Files/code/active/VideoPlayer/android/app/.cxx/Release/37282h3z/arm64-v8a/CMakeFiles/CMakeTmp

Run Build Command(s):/opt/android-sdk/cmake/3.22.1/bin/ninja cmTC_347e9 && [1/2] Building C object CMakeFiles/cmTC_347e9.dir/CheckIncludeFile.c.o
[2/2] Linking C executable cmTC_347e9



Performing C SOURCE FILE Test Iconv_IS_BUILT_IN succeeded with the following output:
Change Dir: /home/nava/Files/code/active/VideoPlayer/android/app/.cxx/Release/37282h3z/arm64-v8a/CMakeFiles/CMakeTmp

Run Build Command(s):/opt/android-sdk/cmake/3.22.1/bin/ninja cmTC_0f3e7 && [1/2] Building C object CMakeFiles/cmTC_0f3e7.dir/src.c.o
[2/2] Linking C executable cmTC_0f3e7


Source file was:

      #include <stddef.h>
      #include <iconv.h>
      int main() {
        char *a, *b;
        size_t i, j;
        iconv_t ic;
        ic = iconv_open("to", "from");
        iconv(ic, &a, &i, &b, &j);
        iconv_close(ic);
      }
      
Performing C SOURCE FILE Test HAVE_MBSTATE succeeded with the following output:
Change Dir: /home/nava/Files/code/active/VideoPlayer/android/app/.cxx/Release/37282h3z/arm64-v8a/CMakeFiles/CMakeTmp

Run Build Command(s):/opt/android-sdk/cmake/3.22.1/bin/ninja cmTC_47b1f && [1/2] Building C object CMakeFiles/cmTC_47b1f.dir/src.c.o
/home/nava/Files/code/active/VideoPlayer/android/app/.cxx/Release/37282h3z/arm64-v8a/CMakeFiles/CMakeTmp/src.c:4:13: warning: a function declaration without a prototype is deprecated in all versions of C [-Wstrict-prototypes]
    4 |     int main() { return 0; }
      |             ^
      |              void
1 warning generated.
[2/2] Linking C executable cmTC_47b1f


Source file was:

    #include <wchar.h>
    mbstate_t x;
    int main() { return 0; }
Performing C SOURCE FILE Test DODEFINE_EXTENSIONS succeeded with the following output:
Change Dir: /home/nava/Files/code/active/VideoPlayer/android/app/.cxx/Release/37282h3z/arm64-v8a/CMakeFiles/CMakeTmp

Run Build Command(s):/opt/android-sdk/cmake/3.22.1/bin/ninja cmTC_4e053 && [1/2] Building C object CMakeFiles/cmTC_4e053.dir/src.c.o
/home/nava/Files/code/active/VideoPlayer/android/app/.cxx/Release/37282h3z/arm64-v8a/CMakeFiles/CMakeTmp/src.c:36:13: warning: a function declaration without a prototype is deprecated in all versions of C [-Wstrict-prototypes]
   36 |     int main() { return 0; }
      |             ^
      |              void
1 warning generated.
[2/2] Linking C executable cmTC_4e053


Source file was:

    #define __EXTENSIONS__ 1
    #include <stdio.h>
    #ifdef HAVE_SYS_TYPES_H
    # include <sys/types.h>
    #endif
    #ifdef HAVE_SYS_STAT_H
    # include <sys/stat.h>
    #endif
    #ifdef STDC_HEADERS
    # include <stdlib.h>
    # include <stddef.h>
    #else
    # ifdef HAVE_STDLIB_H
    #  include <stdlib.h>
    # endif
    #endif
    #ifdef HAVE_STRING_H
    # if !defined STDC_HEADERS && defined HAVE_MEMORY_H
    #  include <memory.h>
    # endif
    # include <string.h>
    #endif
    #ifdef HAVE_STRINGS_H
    # include <strings.h>
    #endif
    #ifdef HAVE_INTTYPES_H
    # include <inttypes.h>
    #endif
    #ifdef HAVE_STDINT_H
    # include <stdint.h>
    #endif
    #ifdef HAVE_UNISTD_H
    # include <unistd.h>
    #endif
    int main() { return 0; }
Determining if the include file byteswap.h exists passed with the following output:
Change Dir: /home/nava/Files/code/active/VideoPlayer/android/app/.cxx/Release/37282h3z/arm64-v8a/CMakeFiles/CMakeTmp

Run Build Command(s):/opt/android-sdk/cmake/3.22.1/bin/ninja cmTC_901ff && [1/2] Building C object CMakeFiles/cmTC_901ff.dir/CheckIncludeFile.c.o
[2/2] Linking C executable cmTC_901ff



Determining if the include file inttypes.h exists passed with the following output:
Change Dir: /home/nava/Files/code/active/VideoPlayer/android/app/.cxx/Release/37282h3z/arm64-v8a/CMakeFiles/CMakeTmp

Run Build Command(s):/opt/android-sdk/cmake/3.22.1/bin/ninja cmTC_304a5 && [1/2] Building C object CMakeFiles/cmTC_304a5.dir/CheckIncludeFile.c.o
[2/2] Linking C executable cmTC_304a5



Determining if the include file stdint.h exists passed with the following output:
Change Dir: /home/nava/Files/code/active/VideoPlayer/android/app/.cxx/Release/37282h3z/arm64-v8a/CMakeFiles/CMakeTmp

Run Build Command(s):/opt/android-sdk/cmake/3.22.1/bin/ninja cmTC_7d4f1 && [1/2] Building C object CMakeFiles/cmTC_7d4f1.dir/CheckIncludeFile.c.o
[2/2] Linking C executable cmTC_7d4f1



Determining if the include file stdbool.h exists passed with the following output:
Change Dir: /home/nava/Files/code/active/VideoPlayer/android/app/.cxx/Release/37282h3z/arm64-v8a/CMakeFiles/CMakeTmp

Run Build Command(s):/opt/android-sdk/cmake/3.22.1/bin/ninja cmTC_aacde && [1/2] Building C object CMakeFiles/cmTC_aacde.dir/CheckIncludeFile.c.o
[2/2] Linking C executable cmTC_aacde



Determining if the include file arm_neon.h exists passed with the following output:
Change Dir: /home/nava/Files/code/active/VideoPlayer/android/app/.cxx/Release/37282h3z/arm64-v8a/CMakeFiles/CMakeTmp

Run Build Command(s):/opt/android-sdk/cmake/3.22.1/bin/ninja cmTC_5477b && [1/2] Building C object CMakeFiles/cmTC_5477b.dir/CheckIncludeFile.c.o
[2/2] Linking C executable cmTC_5477b



Determining if the function fseeko exists passed with the following output:
Change Dir: /home/nava/Files/code/active/VideoPlayer/android/app/.cxx/Release/37282h3z/arm64-v8a/CMakeFiles/CMakeTmp

Run Build Command(s):/opt/android-sdk/cmake/3.22.1/bin/ninja cmTC_1432c && [1/2] Building C object CMakeFiles/cmTC_1432c.dir/CheckFunctionExists.c.o
[2/2] Linking C executable cmTC_1432c



Performing C SOURCE FILE Test HAVE_BSWAP16 succeeded with the following output:
Change Dir: /home/nava/Files/code/active/VideoPlayer/android/app/.cxx/Release/37282h3z/arm64-v8a/CMakeFiles/CMakeTmp

Run Build Command(s):/opt/android-sdk/cmake/3.22.1/bin/ninja cmTC_3b00d && [1/2] Building C object CMakeFiles/cmTC_3b00d.dir/src.c.o
/home/nava/Files/code/active/VideoPlayer/android/app/.cxx/Release/37282h3z/arm64-v8a/CMakeFiles/CMakeTmp/src.c:1:9: warning: a function declaration without a prototype is deprecated in all versions of C [-Wstrict-prototypes]
    1 | int main() { return __builtin_bswap16 (0) ; }
      |         ^
      |          void
1 warning generated.
[2/2] Linking C executable cmTC_3b00d


Source file was:
int main() { return __builtin_bswap16 (0) ; }
Performing C SOURCE FILE Test HAVE_BSWAP32 succeeded with the following output:
Change Dir: /home/nava/Files/code/active/VideoPlayer/android/app/.cxx/Release/37282h3z/arm64-v8a/CMakeFiles/CMakeTmp

Run Build Command(s):/opt/android-sdk/cmake/3.22.1/bin/ninja cmTC_492fb && [1/2] Building C object CMakeFiles/cmTC_492fb.dir/src.c.o
/home/nava/Files/code/active/VideoPlayer/android/app/.cxx/Release/37282h3z/arm64-v8a/CMakeFiles/CMakeTmp/src.c:1:9: warning: a function declaration without a prototype is deprecated in all versions of C [-Wstrict-prototypes]
    1 | int main() { return __builtin_bswap32 (0) ; }
      |         ^
      |          void
1 warning generated.
[2/2] Linking C executable cmTC_492fb


Source file was:
int main() { return __builtin_bswap32 (0) ; }
Performing C SOURCE FILE Test HAVE_LANGINFO_CODESET succeeded with the following output:
Change Dir: /home/nava/Files/code/active/VideoPlayer/android/app/.cxx/Release/37282h3z/arm64-v8a/CMakeFiles/CMakeTmp

Run Build Command(s):/opt/android-sdk/cmake/3.22.1/bin/ninja cmTC_18c7a && [1/2] Building C object CMakeFiles/cmTC_18c7a.dir/src.c.o
/home/nava/Files/code/active/VideoPlayer/android/app/.cxx/Release/37282h3z/arm64-v8a/CMakeFiles/CMakeTmp/src.c:3:13: warning: a function declaration without a prototype is deprecated in all versions of C [-Wstrict-prototypes]
    3 |     int main()
      |             ^
      |              void
1 warning generated.
[2/2] Linking C executable cmTC_18c7a


Source file was:

    #include <langinfo.h>
    int main()
    {
        char* cs = nl_langinfo(CODESET);
        return !cs;
    }
Performing C SOURCE FILE Test HAVE_WERROR_FLAG succeeded with the following output:
Change Dir: /home/nava/Files/code/active/VideoPlayer/android/app/.cxx/Release/37282h3z/arm64-v8a/CMakeFiles/CMakeTmp

Run Build Command(s):/opt/android-sdk/cmake/3.22.1/bin/ninja cmTC_2b4c3 && [1/2] Building C object CMakeFiles/cmTC_2b4c3.dir/src.c.o
[2/2] Linking C executable cmTC_2b4c3


Source file was:
int main(void) { return 0; }
Performing C SOURCE FILE Test HAVE_DECL_AFTER_STMT_FLAG succeeded with the following output:
Change Dir: /home/nava/Files/code/active/VideoPlayer/android/app/.cxx/Release/37282h3z/arm64-v8a/CMakeFiles/CMakeTmp

Run Build Command(s):/opt/android-sdk/cmake/3.22.1/bin/ninja cmTC_145c4 && [1/2] Building C object CMakeFiles/cmTC_145c4.dir/src.c.o
[2/2] Linking C executable cmTC_145c4


Source file was:
int main(void) { return 0; }
Performing C SOURCE FILE Test HAVE_STACKREALIGN_FLAG succeeded with the following output:
Change Dir: /home/nava/Files/code/active/VideoPlayer/android/app/.cxx/Release/37282h3z/arm64-v8a/CMakeFiles/CMakeTmp

Run Build Command(s):/opt/android-sdk/cmake/3.22.1/bin/ninja cmTC_8095b && [1/2] Building C object CMakeFiles/cmTC_8095b.dir/src.c.o
[2/2] Linking C executable cmTC_8095b


Source file was:
int main(void) { return 0; }
Performing C++ SOURCE FILE Test HAVE_WEFFCXX_FLAG succeeded with the following output:
Change Dir: /home/nava/Files/code/active/VideoPlayer/android/app/.cxx/Release/37282h3z/arm64-v8a/CMakeFiles/CMakeTmp

Run Build Command(s):/opt/android-sdk/cmake/3.22.1/bin/ninja cmTC_ed3c9 && [1/2] Building CXX object CMakeFiles/cmTC_ed3c9.dir/src.cxx.o
[2/2] Linking CXX executable cmTC_ed3c9


Source file was:
int main() { return 0; }
Performing C SOURCE FILE Test HAVE_STACK_PROTECTOR_FLAG succeeded with the following output:
Change Dir: /home/nava/Files/code/active/VideoPlayer/android/app/.cxx/Release/37282h3z/arm64-v8a/CMakeFiles/CMakeTmp

Run Build Command(s):/opt/android-sdk/cmake/3.22.1/bin/ninja cmTC_96321 && [1/2] Building C object CMakeFiles/cmTC_96321.dir/src.c.o
[2/2] Linking C executable cmTC_96321


Source file was:
int main(void) { return 0; }
Determining if the include file sys/param.h exists passed with the following output:
Change Dir: /home/nava/Files/code/active/VideoPlayer/android/app/.cxx/Release/37282h3z/arm64-v8a/CMakeFiles/CMakeTmp

Run Build Command(s):/opt/android-sdk/cmake/3.22.1/bin/ninja cmTC_a3c2d && [1/2] Building C object CMakeFiles/cmTC_a3c2d.dir/CheckIncludeFile.c.o
[2/2] Linking C executable cmTC_a3c2d



Determining if the function lround exists passed with the following output:
Change Dir: /home/nava/Files/code/active/VideoPlayer/android/app/.cxx/Release/37282h3z/arm64-v8a/CMakeFiles/CMakeTmp

Run Build Command(s):/opt/android-sdk/cmake/3.22.1/bin/ninja cmTC_469a9 && [1/2] Building C object CMakeFiles/cmTC_469a9.dir/CheckFunctionExists.c.o
/opt/android-sdk/cmake/3.22.1/share/cmake-3.22/Modules/CheckFunctionExists.c:7:3: warning: incompatible redeclaration of library function 'lround' [-Wincompatible-library-redeclaration]
    7 |   CHECK_FUNCTION_EXISTS(void);
      |   ^
<command line>:3:31: note: expanded from macro 'CHECK_FUNCTION_EXISTS'
    3 | #define CHECK_FUNCTION_EXISTS lround
      |                               ^
/opt/android-sdk/cmake/3.22.1/share/cmake-3.22/Modules/CheckFunctionExists.c:7:3: note: 'lround' is a builtin with type 'long (double)'
<command line>:3:31: note: expanded from macro 'CHECK_FUNCTION_EXISTS'
    3 | #define CHECK_FUNCTION_EXISTS lround
      |                               ^
1 warning generated.
[2/2] Linking C executable cmTC_469a9



Performing C SOURCE FILE Test HAVE_ASSOC_MATH succeeded with the following output:
Change Dir: /home/nava/Files/code/active/VideoPlayer/android/app/.cxx/Release/37282h3z/arm64-v8a/CMakeFiles/CMakeTmp

Run Build Command(s):/opt/android-sdk/cmake/3.22.1/bin/ninja cmTC_7ec02 && [1/2] Building C object CMakeFiles/cmTC_7ec02.dir/src.c.o
[2/2] Linking C executable cmTC_7ec02


Source file was:
int main(void) { return 0; }
Determining if the include file string.h exists passed with the following output:
Change Dir: /home/nava/Files/code/active/VideoPlayer/android/app/.cxx/Release/37282h3z/arm64-v8a/CMakeFiles/CMakeTmp

Run Build Command(s):/opt/android-sdk/cmake/3.22.1/bin/ninja cmTC_6ad88 && [1/2] Building C object CMakeFiles/cmTC_6ad88.dir/CheckIncludeFile.c.o
[2/2] Linking C executable cmTC_6ad88



Determining if the include file unistd.h exists passed with the following output:
Change Dir: /home/nava/Files/code/active/VideoPlayer/android/app/.cxx/Release/37282h3z/arm64-v8a/CMakeFiles/CMakeTmp

Run Build Command(s):/opt/android-sdk/cmake/3.22.1/bin/ninja cmTC_453d5 && [1/2] Building C object CMakeFiles/cmTC_453d5.dir/CheckIncludeFile.c.o
[2/2] Linking C executable cmTC_453d5



Determining if the include file fcntl.h exists passed with the following output:
Change Dir: /home/nava/Files/code/active/VideoPlayer/android/app/.cxx/Release/37282h3z/arm64-v8a/CMakeFiles/CMakeTmp

Run Build Command(s):/opt/android-sdk/cmake/3.22.1/bin/ninja cmTC_af7e5 && [1/2] Building C object CMakeFiles/cmTC_af7e5.dir/CheckIncludeFile.c.o
[2/2] Linking C executable cmTC_af7e5



